// Jest Snapshot v1, https://goo.gl/fbAQLP

exports[`should render ExpenseList with expenses 1`] = `
<div>
  <ExpenseListItem
    amount={195}
    createdAt={"2017-12-18T05:00:00.000Z"}
    description="Gum"
    id="1"
    key="1"
    note=""
  />
  <ExpenseListItem
    amount={1295}
    createdAt={"2017-12-19T05:00:00.000Z"}
    description="Sandwich"
    id="2"
    key="2"
    note=""
  />
  <ExpenseListItem
    amount={122395}
    createdAt={"2018-01-19T05:00:00.000Z"}
    description="Credit Card"
    id="3"
    key="3"
    note=""
  />
</div>
`;

exports[`should render ExpenseList with no expenses 1`] = `
<div>
  <p>
    No Expenses 
  </p>
</div>
`;
